// Jest Snapshot v1, https://goo.gl/fbAQLP

exports[`Prueba a <App /> Prueba a <App /> 1`] = `
<Fragment>
  <h1>
    Hola Mundo
  </h1>
  <p>
    React - 
    Alfredo CU
  </p>
  <p>
    Edad: 
    23
  </p>
  <b>
    Cumplea√±os: 
    11/02//1997
  </b>
</Fragment>
`;
