// Jest Snapshot v1, https://goo.gl/fbAQLP

exports[`Prueba a <CounterApp /> Prueba a mostrar correctamente la estructura 1`] = `
<Fragment>
  <h1>
    CounterApp
  </h1>
  <p>
    0
  </p>
  <button
    onClick={[Function]}
  >
    +1
  </button>
  <button
    onClick={[Function]}
  >
    Reset
  </button>
  <button
    onClick={[Function]}
  >
    -1
  </button>
</Fragment>
`;
